// Jest Snapshot v1, https://goo.gl/fbAQLP

exports[`Render correct Player Render Player 1`] = `
<video
  controls={true}
  poster=""
  width="100%"
>
  <source
    src=""
  />
</video>
`;
